// Jest Snapshot v1, https://goo.gl/fbAQLP

exports[`Component for Individual Rocket should render correctly 1`] = `
<div
  className="p-2 hstack gap-2"
>
  <div>
    <img
      alt="rocket"
      className=""
      width={250}
    />
  </div>
  <div
    className="vstack"
  >
    <h2 />
    <p />
    <div>
      <button
        className="btn btn-primary"
        disabled={false}
        onClick={[Function]}
        type="button"
      >
        Reserve Rocket
      </button>
    </div>
  </div>
</div>
`;
